Microchip MPLAB XC8 Compiler V1.45 ()

Linker command line:

-W-3 --edf=C:\Program Files (x86)\Microchip\xc8\v1.45\dat\en_msgs.txt -cs \
  -h+dist/default/production\SW_Replacement_Final_Project_S_A.X.production.sym \
  --cmf=dist/default/production\SW_Replacement_Final_Project_S_A.X.production.cmf \
  -z -Q18F4620 -oC:\Users\2023\AppData\Local\Temp\s2cc.2 \
  -Mdist/default/production/SW_Replacement_Final_Project_S_A.X.production.map \
  -E1 -ver=XC8 -ASTACK=01CEh-0f7fh -pstack=STACK -ACODE=00h-0FFFFh \
  -ACONST=00h-0FFFFh -ASMALLCONST=01000h-010FFhx240 \
  -AMEDIUMCONST=01000h-0FFFFh -ACOMRAM=01h-07Fh -AABS1=00h-0F7Fh \
  -ABIGRAM=01h-0F7Fh -ARAM=080h-0FFh,0100h-01FFhx14,0F00h-0F7Fh \
  -ABANK0=080h-0FFh -ABANK1=0100h-01FFh -ABANK2=0200h-02FFh \
  -ABANK3=0300h-03FFh -ABANK4=0400h-04FFh -ABANK5=0500h-05FFh \
  -ABANK6=0600h-06FFh -ABANK7=0700h-07FFh -ABANK8=0800h-08FFh \
  -ABANK9=0900h-09FFh -ABANK10=0A00h-0AFFh -ABANK11=0B00h-0BFFh \
  -ABANK12=0C00h-0CFFh -ABANK13=0D00h-0DFFh -ABANK14=0E00h-0EFFh \
  -ABANK15=0F00h-0F7Fh -ASFR=0F80h-0FFFh \
  -preset_vec=00h,intcode=08h,intcodelo,powerup,init -pramtop=01000h \
  -psmallconst=SMALLCONST -pmediumconst=MEDIUMCONST -pconst=CONST \
  -AFARRAM=00h-00h -ACONFIG=0300000h-030000Dh -pconfig=CONFIG \
  -AIDLOC=0200000h-0200007h -pidloc=IDLOC -AEEDATA=0F00000h-0F003FFh \
  -peeprom_data=EEDATA \
  -prdata=COMRAM,nvrram=COMRAM,nvbit=COMRAM,rbss=COMRAM,rbit=COMRAM \
  -pfarbss=FARRAM,fardata=FARRAM,nvFARRAM=FARRAM \
  -pintsave_regs=BIGRAM,bigbss=BIGRAM,bigdata=BIGRAM -pbss=RAM \
  -pidata=CODE,irdata=CODE,ibigdata=CODE,ifardata=CODE -prparam=COMRAM \
  C:\Users\2023\AppData\Local\Temp\s2cc.obj \
  dist/default/production\SW_Replacement_Final_Project_S_A.X.production.obj 

Object code version is 3.11

Machine type is 18F4620

Call graph: (short form)




                Name                               Link     Load   Length Selector   Space Scale
C:\Users\2023\AppData\Local\Temp\s2cc.obj
                init                                  E        E        4        4       0
                reset_vec                             0        0        4        0       0
                idloc                            200000   200000        8   200000       0
                config                           300000   300000        E   300000       0
dist/default/production\SW_Replacement_Final_Project_S_A.X.production.obj
                intcode                               8        8        6        4       0
                temp                                 6B       6B        1        1       1
                mediumconst                        FED6     FED6      12A     7F6B       0
                intcode_body                       22A4     22A4       B6        4       0
                text57                             2E32     2E32        8        4       0
                text56                             2E0A     2E0A        C        4       0
                text55                             2DEE     2DEE       10        4       0
                text54                             2C86     2C86       26        4       0
                text53                             2C06     2C06       2E        4       0
                text52                             2D3C     2D3C       22        4       0
                text51                             2A1E     2A1E       48        4       0
                text50                             285E     285E       62        4       0
                text49                             2E20     2E20        A        4       0
                text48                             2DDE     2DDE       10        4       0
                text47                             2DCE     2DCE       10        4       0
                text46                             29C8     29C8       56        4       0
                text45                             2AE8     2AE8       40        4       0
                text44                             2D7C     2D7C       1A        4       0
                text43                             2D18     2D18       24        4       0
                text42                             2B28     2B28       3E        4       0
                text41                             240A     240A       AE        4       0
                text40                             189E     189E      1AC        4       0
                text39                             20F2     20F2       E6        4       0
                text38                             1FFE     1FFE       F4        4       0
                text37                             1F06     1F06       F8        4       0
                text36                             2CF4     2CF4       24        4       0
                text35                             2BD8     2BD8       2E        4       0
                text34                             235A     235A       B0        4       0
                text33                             2A66     2A66       42        4       0
                text32                             2972     2972       56        4       0
                text31                             24B8     24B8       90        4       0
                text30                             2CD0     2CD0       24        4       0
                text29                             2AA8     2AA8       40        4       0
                text28                             25CC     25CC       82        4       0
                text27                             27F8     27F8       66        4       0
                text26                             28C0     28C0       5C        4       0
                text25                             1CDC     1CDC      128        4       0
                text24                             1BAA     1BAA      132        4       0
                text23                             2548     2548       84        4       0
                text22                             264E     264E       70        4       0
                text21                             2C60     2C60       26        4       0
                text20                             145A     145A      252        4       0
                text19                             2D5E     2D5E       1E        4       0
                text18                             1052     1052      408        4       0
                text17                               12       12      B22        4       0
                text16                             21D8     21D8       CC        4       0
                text15                             2C34     2C34       2C        4       0
                text14                             2D96     2D96       18        4       0
                text13                             2CAC     2CAC       24        4       0
                text12                             2BA0     2BA0       38        4       0
                text11                             2B66     2B66       3A        4       0
                text10                             2792     2792       66        4       0
                text9                              2DFE     2DFE        C        4       0
                text8                              2E16     2E16        A        4       0
                text7                              272A     272A       68        4       0
                text6                              1E04     1E04      102        4       0
                text5                              16AC     16AC      1F2        4       0
                text4                              2E2A     2E2A        8        4       0
                text3                              2DBE     2DBE       10        4       0
                text2                              291C     291C       56        4       0
                text1                              1A4A     1A4A      160        4       0
                text0                               B34      B34      51E        4       0
                cstackCOMRAM                          1        1       5A        1       1
                cstackBANK0                          80       80       57       80       1
                cstackBANK1                         100      100       CC      100       1
                bssBANK1                            1CC      1CC        2      100       1
                dataBANK0                            EF       EF       10       80       1
                bssBANK0                             D7       D7       18       80       1
                dataCOMRAM                           67       67        4        1       1
                bssCOMRAM                            5B       5B        C        1       1
                cinit                              26BE     26BE       6C        4       0
                idataBANK0                         2DAE     2DAE       10        4       0
                idataCOMRAM                        2E3A     2E3A        4        4       0

TOTAL           Name                               Link     Load   Length     Space
        CLASS   STACK          

        CLASS   CODE           
                intcode                               8        8        6         0
                init                                  E        E        4         0
                reset_vec                             0        0        4         0
                intcode_body                       22A4     22A4       B6         0
                text57                             2E32     2E32        8         0
                text56                             2E0A     2E0A        C         0
                text55                             2DEE     2DEE       10         0
                text54                             2C86     2C86       26         0
                text53                             2C06     2C06       2E         0
                text52                             2D3C     2D3C       22         0
                text51                             2A1E     2A1E       48         0
                text50                             285E     285E       62         0
                text49                             2E20     2E20        A         0
                text48                             2DDE     2DDE       10         0
                text47                             2DCE     2DCE       10         0
                text46                             29C8     29C8       56         0
                text45                             2AE8     2AE8       40         0
                text44                             2D7C     2D7C       1A         0
                text43                             2D18     2D18       24         0
                text42                             2B28     2B28       3E         0
                text41                             240A     240A       AE         0
                text40                             189E     189E      1AC         0
                text39                             20F2     20F2       E6         0
                text38                             1FFE     1FFE       F4         0
                text37                             1F06     1F06       F8         0
                text36                             2CF4     2CF4       24         0
                text35                             2BD8     2BD8       2E         0
                text34                             235A     235A       B0         0
                text33                             2A66     2A66       42         0
                text32                             2972     2972       56         0
                text31                             24B8     24B8       90         0
                text30                             2CD0     2CD0       24         0
                text29                             2AA8     2AA8       40         0
                text28                             25CC     25CC       82         0
                text27                             27F8     27F8       66         0
                text26                             28C0     28C0       5C         0
                text25                             1CDC     1CDC      128         0
                text24                             1BAA     1BAA      132         0
                text23                             2548     2548       84         0
                text22                             264E     264E       70         0
                text21                             2C60     2C60       26         0
                text20                             145A     145A      252         0
                text19                             2D5E     2D5E       1E         0
                text18                             1052     1052      408         0
                text17                               12       12      B22         0
                text16                             21D8     21D8       CC         0
                text15                             2C34     2C34       2C         0
                text14                             2D96     2D96       18         0
                text13                             2CAC     2CAC       24         0
                text12                             2BA0     2BA0       38         0
                text11                             2B66     2B66       3A         0
                text10                             2792     2792       66         0
                text9                              2DFE     2DFE        C         0
                text8                              2E16     2E16        A         0
                text7                              272A     272A       68         0
                text6                              1E04     1E04      102         0
                text5                              16AC     16AC      1F2         0
                text4                              2E2A     2E2A        8         0
                text3                              2DBE     2DBE       10         0
                text2                              291C     291C       56         0
                text1                              1A4A     1A4A      160         0
                text0                               B34      B34      51E         0
                cinit                              26BE     26BE       6C         0
                idataBANK0                         2DAE     2DAE       10         0
                idataCOMRAM                        2E3A     2E3A        4         0

        CLASS   CONST          

        CLASS   SMALLCONST     

        CLASS   MEDIUMCONST    
                mediumconst                        FED6     FED6      12A         0

        CLASS   COMRAM         
                temp                                 6B       6B        1         1
                cstackCOMRAM                          1        1       5A         1
                dataCOMRAM                           67       67        4         1
                bssCOMRAM                            5B       5B        C         1

        CLASS   ABS1           

        CLASS   BIGRAM         

        CLASS   RAM            

        CLASS   BANK0          
                cstackBANK0                          80       80       57         1
                dataBANK0                            EF       EF       10         1
                bssBANK0                             D7       D7       18         1

        CLASS   BANK1          
                cstackBANK1                         100      100       CC         1
                bssBANK1                            1CC      1CC        2         1

        CLASS   BANK2          

        CLASS   BANK3          

        CLASS   BANK4          

        CLASS   BANK5          

        CLASS   BANK6          

        CLASS   BANK7          

        CLASS   BANK8          

        CLASS   BANK9          

        CLASS   BANK10         

        CLASS   BANK11         

        CLASS   BANK12         

        CLASS   BANK13         

        CLASS   BANK14         

        CLASS   BANK15         

        CLASS   SFR            

        CLASS   FARRAM         

        CLASS   CONFIG         
                config                           300000   300000        E         0

        CLASS   IDLOC          
                idloc                            200000   200000        8         0

        CLASS   EEDATA         



SEGMENTS        Name                           Load    Length   Top    Selector   Space  Class

                reset_vec                      000000  000004  000004         0       0  CODE    
                cstackCOMRAM                   000001  00006B  00006C         1       1  COMRAM  
                intcode                        000008  002E36  002E3E         4       0  CODE    
                cstackBANK0                    000080  00007F  0000FF        80       1  BANK0   
                cstackBANK1                    000100  0000CE  0001CE       100       1  BANK1   
                mediumconst                    00FED6  00012A  010000      7F6B       0  MEDIUMCO
                idloc                          200000  000008  200008    200000       0  IDLOC   
                config                         300000  00000E  30000E    300000       0  CONFIG  


UNUSED ADDRESS RANGES

        Name                Unused          Largest block    Delta
        BANK0            0000FF-0000FF                1
        BANK1            0001CE-0001FF               32
        BANK10           000A00-000AFF              100
        BANK11           000B00-000BFF              100
        BANK12           000C00-000CFF              100
        BANK13           000D00-000DFF              100
        BANK14           000E00-000EFF              100
        BANK15           000F00-000F7F               80
        BANK2            000200-0002FF              100
        BANK3            000300-0003FF              100
        BANK4            000400-0004FF              100
        BANK5            000500-0005FF              100
        BANK6            000600-0006FF              100
        BANK7            000700-0007FF              100
        BANK8            000800-0008FF              100
        BANK9            000900-0009FF              100
        BIGRAM           00006C-00007F               14
                         0000FF-0000FF                1
                         0001CE-000F7F              DB2
        CODE             000004-000007                4
                         002E3E-00FED5             D098
        COMRAM           00006C-00007F               14
        CONST            000004-000007                4
                         002E3E-00FED5             D098
        EEDATA           F00000-F003FF              400
        MEDIUMCONST      002E3E-00FED5             D098
        RAM              0000FF-0000FF                1
                         0001CE-000F7F              100
        SFR              000F80-000FFF               80
        SMALLCONST       002E3E-00FED5              100
        STACK            0001CE-000F7F              DB2

                                  Symbol Table

?___awdiv                       cstackCOMRAM 00001B
?___awmod                       cstackCOMRAM 000015
?___awtoft                      cstackCOMRAM 000029
?___ftadd                       cstackCOMRAM 000042
?___ftdiv                       cstackCOMRAM 000038
?___ftmul                       cstackCOMRAM 000029
?___ftneg                       cstackCOMRAM 000015
?___ftpack                      cstackCOMRAM 000015
?___ftsub                       cstackCOMRAM 00004E
?___fttol                       cstackCOMRAM 00004E
?___lldiv                       cstackCOMRAM 000015
?___llmod                       cstackCOMRAM 000022
?___lltoft                      cstackCOMRAM 00001D
?___lwtoft                      cstackCOMRAM 00001D
?___wmul                        cstackCOMRAM 000023
?__div_to_l_                    cstackCOMRAM 000015
?__tdiv_to_l_                   cstackCOMRAM 000015
?_fround                        cstackCOMRAM 000038
?_read_adc_raw_no_lib           cstackCOMRAM 000015
?_read_adc_voltage              cstackCOMRAM 000047
?_scale                         cstackCOMRAM 000038
?_sprintf                       cstackBANK0  000086
_ADCON0                         (abs)        000FC2
_ADCON0bits                     (abs)        000FC2
_ADCON1                         (abs)        000FC1
_ADCON1bits                     (abs)        000FC1
_ADCON2                         (abs)        000FC0
_ADCON2bits                     (abs)        000FC0
_ADRESH                         (abs)        000FC4
_ADRESL                         (abs)        000FC3
_BAUDCONbits                    (abs)        000FB8
_CCP1CON                        (abs)        000FBD
_CCP1CONbits                    (abs)        000FBD
_CCPR1L                         (abs)        000FBE
_INTCONbits                     (abs)        000FF2
_LCD_INIT_STRING                dataCOMRAM   000067
_PIR1bits                       (abs)        000F9E
_PORTCbits                      (abs)        000F82
_PORTD                          (abs)        000F83
_PORTEbits                      (abs)        000F84
_PR2                            (abs)        000FCB
_RCREG                          (abs)        000FAE
_RCSTA                          (abs)        000FAB
_RCSTAbits                      (abs)        000FAB
_RPS_count                      bssBANK0     0000D9
_SPBRG                          (abs)        000FAF
_SPBRGH                         (abs)        000FB0
_T0CON                          (abs)        000FD5
_T0CONbits                      (abs)        000FD5
_T1CONbits                      (abs)        000FCD
_T2CON                          (abs)        000FCA
_T2CONbits                      (abs)        000FCA
_TMR0H                          (abs)        000FD7
_TMR0L                          (abs)        000FD6
_TMR1H                          (abs)        000FCF
_TMR1L                          (abs)        000FCE
_TRISA                          (abs)        000F92
_TRISB                          (abs)        000F93
_TRISC                          (abs)        000F94
_TRISCbits                      (abs)        000F94
_TRISD                          (abs)        000F95
_TRISE                          (abs)        000F96
_TXREG                          (abs)        000FAD
_TXSTA                          (abs)        000FAC
_TXSTAbits                      (abs)        000FAC
__CFG_BOREN$SBORDIS             (abs)        000000
__CFG_BORV$3                    (abs)        000000
__CFG_CCP2MX$PORTC              (abs)        000000
__CFG_CP0$OFF                   (abs)        000000
__CFG_CP1$OFF                   (abs)        000000
__CFG_CP2$OFF                   (abs)        000000
__CFG_CP3$OFF                   (abs)        000000
__CFG_CPB$OFF                   (abs)        000000
__CFG_CPD$OFF                   (abs)        000000
__CFG_EBTR0$OFF                 (abs)        000000
__CFG_EBTR1$OFF                 (abs)        000000
__CFG_EBTR2$OFF                 (abs)        000000
__CFG_EBTR3$OFF                 (abs)        000000
__CFG_EBTRB$OFF                 (abs)        000000
__CFG_FCMEN$OFF                 (abs)        000000
__CFG_IESO$OFF                  (abs)        000000
__CFG_LPT1OSC$OFF               (abs)        000000
__CFG_LVP$ON                    (abs)        000000
__CFG_MCLRE$ON                  (abs)        000000
__CFG_OSC$XT                    (abs)        000000
__CFG_PBADEN$ON                 (abs)        000000
__CFG_PWRT$OFF                  (abs)        000000
__CFG_STVREN$ON                 (abs)        000000
__CFG_WDT$ON                    (abs)        000000
__CFG_WDTPS$32768               (abs)        000000
__CFG_WRT0$OFF                  (abs)        000000
__CFG_WRT1$OFF                  (abs)        000000
__CFG_WRT2$OFF                  (abs)        000000
__CFG_WRT3$OFF                  (abs)        000000
__CFG_WRTB$OFF                  (abs)        000000
__CFG_WRTC$OFF                  (abs)        000000
__CFG_WRTD$OFF                  (abs)        000000
__CFG_XINST$OFF                 (abs)        000000
__HRAM                          (abs)        000000
__Habs1                         abs1         000000
__Hbank0                        bank0        000000
__Hbank1                        bank1        000000
__Hbank10                       bank10       000000
__Hbank11                       bank11       000000
__Hbank12                       bank12       000000
__Hbank13                       bank13       000000
__Hbank14                       bank14       000000
__Hbank15                       bank15       000000
__Hbank2                        bank2        000000
__Hbank3                        bank3        000000
__Hbank4                        bank4        000000
__Hbank5                        bank5        000000
__Hbank6                        bank6        000000
__Hbank7                        bank7        000000
__Hbank8                        bank8        000000
__Hbank9                        bank9        000000
__Hbigbss                       bigbss       000000
__Hbigdata                      bigdata      000000
__Hbigram                       bigram       000000
__Hbss                          bss          000000
__HbssBANK0                     bssBANK0     000000
__HbssBANK1                     bssBANK1     000000
__HbssCOMRAM                    bssCOMRAM    000000
__Hcinit                        cinit        000000
__Hclrtext                      clrtext      000000
__Hcomram                       comram       000000
__Hconfig                       config       30000E
__Hconst                        const        000000
__HcstackBANK0                  cstackBANK0  000000
__HcstackBANK1                  cstackBANK1  000000
__HcstackCOMRAM                 cstackCOMRAM 000000
__Hdata                         data         000000
__HdataBANK0                    dataBANK0    000000
__HdataCOMRAM                   dataCOMRAM   000000
__Heeprom_data                  eeprom_data  000000
__Hfarbss                       farbss       000000
__Hfardata                      fardata      000000
__Hibigdata                     ibigdata     000000
__Hidata                        idata        000000
__HidataBANK0                   idataBANK0   000000
__HidataCOMRAM                  idataCOMRAM  000000
__Hidloc                        idloc        200008
__Hifardata                     ifardata     000000
__Hinit                         init         000012
__Hintcode                      intcode      00000E
__Hintcode_body                 intcode_body 000000
__Hintcodelo                    intcodelo    00000E
__Hintentry                     intentry     000000
__Hintret                       intret       000000
__Hintsave_regs                 intsave_regs 000000
__Hirdata                       irdata       000000
__Hmediumconst                  mediumconst  010000
__HnvFARRAM                     nvFARRAM     000000
__Hnvbit                        nvbit        000000
__Hnvrram                       nvrram       000000
__Hparam                        rparam       000000
__Hpowerup                      powerup      00000E
__Hram                          ram          000000
__Hramtop                       ramtop       001000
__Hrbit                         rbit         000000
__Hrbss                         rbss         000000
__Hrdata                        rdata        000000
__Hreset_vec                    reset_vec    000004
__Hrparam                       rparam       000000
__Hsfr                          sfr          000000
__Hsmallconst                   smallconst   000000
__Hspace_0                      (abs)        30000E
__Hspace_1                      (abs)        0001CE
__Hspace_2                      (abs)        000000
__Hstack                        stack        000000
__Hstruct                       struct       000000
__Htemp                         temp         00006C
__Htext                         text         000000
__Htext0                        text0        000000
__Htext1                        text1        000000
__Htext10                       text10       000000
__Htext11                       text11       000000
__Htext12                       text12       000000
__Htext13                       text13       000000
__Htext14                       text14       000000
__Htext15                       text15       000000
__Htext16                       text16       000000
__Htext17                       text17       000000
__Htext18                       text18       000000
__Htext19                       text19       000000
__Htext2                        text2        000000
__Htext20                       text20       000000
__Htext21                       text21       000000
__Htext22                       text22       000000
__Htext23                       text23       000000
__Htext24                       text24       000000
__Htext25                       text25       000000
__Htext26                       text26       000000
__Htext27                       text27       000000
__Htext28                       text28       000000
__Htext29                       text29       000000
__Htext3                        text3        000000
__Htext30                       text30       000000
__Htext31                       text31       000000
__Htext32                       text32       000000
__Htext33                       text33       000000
__Htext34                       text34       000000
__Htext35                       text35       000000
__Htext36                       text36       000000
__Htext37                       text37       000000
__Htext38                       text38       000000
__Htext39                       text39       000000
__Htext4                        text4        000000
__Htext40                       text40       000000
__Htext41                       text41       000000
__Htext42                       text42       000000
__Htext43                       text43       000000
__Htext44                       text44       000000
__Htext45                       text45       000000
__Htext46                       text46       000000
__Htext47                       text47       000000
__Htext48                       text48       000000
__Htext49                       text49       000000
__Htext5                        text5        000000
__Htext50                       text50       000000
__Htext51                       text51       000000
__Htext52                       text52       000000
__Htext53                       text53       000000
__Htext54                       text54       000000
__Htext55                       text55       000000
__Htext56                       text56       000000
__Htext57                       text57       000000
__Htext6                        text6        000000
__Htext7                        text7        000000
__Htext8                        text8        000000
__Htext9                        text9        000000
__LRAM                          (abs)        000001
__Labs1                         abs1         000000
__Lbank0                        bank0        000000
__Lbank1                        bank1        000000
__Lbank10                       bank10       000000
__Lbank11                       bank11       000000
__Lbank12                       bank12       000000
__Lbank13                       bank13       000000
__Lbank14                       bank14       000000
__Lbank15                       bank15       000000
__Lbank2                        bank2        000000
__Lbank3                        bank3        000000
__Lbank4                        bank4        000000
__Lbank5                        bank5        000000
__Lbank6                        bank6        000000
__Lbank7                        bank7        000000
__Lbank8                        bank8        000000
__Lbank9                        bank9        000000
__Lbigbss                       bigbss       000000
__Lbigdata                      bigdata      000000
__Lbigram                       bigram       000000
__Lbss                          bss          000000
__LbssBANK0                     bssBANK0     000000
__LbssBANK1                     bssBANK1     000000
__LbssCOMRAM                    bssCOMRAM    000000
__Lcinit                        cinit        000000
__Lclrtext                      clrtext      000000
__Lcomram                       comram       000000
__Lconfig                       config       300000
__Lconst                        const        000000
__LcstackBANK0                  cstackBANK0  000000
__LcstackBANK1                  cstackBANK1  000000
__LcstackCOMRAM                 cstackCOMRAM 000000
__Ldata                         data         000000
__LdataBANK0                    dataBANK0    000000
__LdataCOMRAM                   dataCOMRAM   000000
__Leeprom_data                  eeprom_data  000000
__Lfarbss                       farbss       000000
__Lfardata                      fardata      000000
__Libigdata                     ibigdata     000000
__Lidata                        idata        000000
__LidataBANK0                   idataBANK0   000000
__LidataCOMRAM                  idataCOMRAM  000000
__Lidloc                        idloc        200000
__Lifardata                     ifardata     000000
__Linit                         init         00000E
__Lintcode                      intcode      000008
__Lintcode_body                 intcode_body 000000
__Lintcodelo                    intcodelo    00000E
__Lintentry                     intentry     000000
__Lintret                       intret       000000
__Lintsave_regs                 intsave_regs 000000
__Lirdata                       irdata       000000
__Lmediumconst                  mediumconst  00FED6
__LnvFARRAM                     nvFARRAM     000000
__Lnvbit                        nvbit        000000
__Lnvrram                       nvrram       000000
__Lparam                        rparam       000000
__Lpowerup                      powerup      00000E
__Lram                          ram          000000
__Lramtop                       ramtop       001000
__Lrbit                         rbit         000000
__Lrbss                         rbss         000000
__Lrdata                        rdata        000000
__Lreset_vec                    reset_vec    000000
__Lrparam                       rparam       000000
__Lsfr                          sfr          000000
__Lsmallconst                   smallconst   000000
__Lspace_0                      (abs)        000000
__Lspace_1                      (abs)        000000
__Lspace_2                      (abs)        000000
__Lstack                        stack        000000
__Lstruct                       struct       000000
__Ltemp                         temp         00006B
__Ltext                         text         000000
__Ltext0                        text0        000000
__Ltext1                        text1        000000
__Ltext10                       text10       000000
__Ltext11                       text11       000000
__Ltext12                       text12       000000
__Ltext13                       text13       000000
__Ltext14                       text14       000000
__Ltext15                       text15       000000
__Ltext16                       text16       000000
__Ltext17                       text17       000000
__Ltext18                       text18       000000
__Ltext19                       text19       000000
__Ltext2                        text2        000000
__Ltext20                       text20       000000
__Ltext21                       text21       000000
__Ltext22                       text22       000000
__Ltext23                       text23       000000
__Ltext24                       text24       000000
__Ltext25                       text25       000000
__Ltext26                       text26       000000
__Ltext27                       text27       000000
__Ltext28                       text28       000000
__Ltext29                       text29       000000
__Ltext3                        text3        000000
__Ltext30                       text30       000000
__Ltext31                       text31       000000
__Ltext32                       text32       000000
__Ltext33                       text33       000000
__Ltext34                       text34       000000
__Ltext35                       text35       000000
__Ltext36                       text36       000000
__Ltext37                       text37       000000
__Ltext38                       text38       000000
__Ltext39                       text39       000000
__Ltext4                        text4        000000
__Ltext40                       text40       000000
__Ltext41                       text41       000000
__Ltext42                       text42       000000
__Ltext43                       text43       000000
__Ltext44                       text44       000000
__Ltext45                       text45       000000
__Ltext46                       text46       000000
__Ltext47                       text47       000000
__Ltext48                       text48       000000
__Ltext49                       text49       000000
__Ltext5                        text5        000000
__Ltext50                       text50       000000
__Ltext51                       text51       000000
__Ltext52                       text52       000000
__Ltext53                       text53       000000
__Ltext54                       text54       000000
__Ltext55                       text55       000000
__Ltext56                       text56       000000
__Ltext57                       text57       000000
__Ltext6                        text6        000000
__Ltext7                        text7        000000
__Ltext8                        text8        000000
__Ltext9                        text9        000000
__S0                            (abs)        30000E
__S1                            (abs)        0001CE
__S2                            (abs)        000000
___awdiv                        text23       002548
___awdiv@counter                cstackCOMRAM 00001F
___awdiv@dividend               cstackCOMRAM 00001B
___awdiv@divisor                cstackCOMRAM 00001D
___awdiv@quotient               cstackCOMRAM 000021
___awdiv@sign                   cstackCOMRAM 000020
___awmod                        text22       00264E
___awmod@counter                cstackCOMRAM 000019
___awmod@dividend               cstackCOMRAM 000015
___awmod@divisor                cstackCOMRAM 000017
___awmod@sign                   cstackCOMRAM 00001A
___awtoft                       text12       002BA0
___awtoft@c                     cstackCOMRAM 000029
___awtoft@sign                  cstackCOMRAM 00002C
___ftadd                        text40       00189E
___ftadd@exp1                   cstackCOMRAM 00004D
___ftadd@exp2                   cstackCOMRAM 00004C
___ftadd@f1                     cstackCOMRAM 000042
___ftadd@f2                     cstackCOMRAM 000045
___ftadd@sign                   cstackCOMRAM 00004B
___ftdiv                        text39       0020F2
___ftdiv@cntr                   cstackCOMRAM 000041
___ftdiv@exp                    cstackCOMRAM 000045
___ftdiv@f1                     cstackCOMRAM 000038
___ftdiv@f2                     cstackCOMRAM 00003B
___ftdiv@f3                     cstackCOMRAM 000042
___ftdiv@sign                   cstackCOMRAM 000046
___ftge                         text31       0024B8
___ftge@ff1                     cstackCOMRAM 000015
___ftge@ff2                     cstackCOMRAM 000018
___ftmul                        text38       001FFE
___ftmul@cntr                   cstackCOMRAM 000036
___ftmul@exp                    cstackCOMRAM 000032
___ftmul@f1                     cstackCOMRAM 000029
___ftmul@f2                     cstackCOMRAM 00002C
___ftmul@f3_as_product          cstackCOMRAM 000033
___ftmul@sign                   cstackCOMRAM 000037
___ftneg                        text30       002CD0
___ftneg@f1                     cstackCOMRAM 000015
___ftpack                       text41       00240A
___ftpack@arg                   cstackCOMRAM 000015
___ftpack@exp                   cstackCOMRAM 000018
___ftpack@sign                  cstackCOMRAM 000019
___ftsub                        text29       002AA8
___ftsub@f1                     cstackCOMRAM 00004E
___ftsub@f2                     cstackCOMRAM 000051
___fttol                        text37       001F06
___fttol@exp1                   cstackBANK0  000085
___fttol@f1                     cstackCOMRAM 00004E
___fttol@lval                   cstackBANK0  000081
___fttol@sign1                  cstackBANK0  000080
___inthi_sp                     stack        000000
___intlo_sp                     stack        000000
___lldiv                        text28       0025CC
___lldiv@counter                cstackCOMRAM 000021
___lldiv@dividend               cstackCOMRAM 000015
___lldiv@divisor                cstackCOMRAM 000019
___lldiv@quotient               cstackCOMRAM 00001D
___llmod                        text27       0027F8
___llmod@counter                cstackCOMRAM 00002A
___llmod@dividend               cstackCOMRAM 000022
___llmod@divisor                cstackCOMRAM 000026
___lltoft                       text26       0028C0
___lltoft@c                     cstackCOMRAM 00001D
___lltoft@exp                   cstackCOMRAM 000025
___lwtoft                       text36       002CF4
___lwtoft@c                     cstackCOMRAM 00001D
___param_bank                   (abs)        000000
___rparam_used                  (abs)        000001
___sp                           stack        000000
___wmul                         text21       002C60
___wmul@multiplicand            cstackCOMRAM 000025
___wmul@multiplier              cstackCOMRAM 000023
___wmul@product                 cstackCOMRAM 000027
__accesstop                     (abs)        000080
__activetblptr                  (abs)        000002
__div_to_l_                     text25       001CDC
__div_to_l_@cntr                cstackCOMRAM 00001F
__div_to_l_@exp1                cstackCOMRAM 000020
__div_to_l_@f1                  cstackCOMRAM 000015
__div_to_l_@f2                  cstackCOMRAM 000018
__div_to_l_@quot                cstackCOMRAM 00001B
__end_of___awdiv                text23       0025CC
__end_of___awmod                text22       0026BE
__end_of___awtoft               text12       002BD8
__end_of___ftadd                text40       001A4A
__end_of___ftdiv                text39       0021D8
__end_of___ftge                 text31       002548
__end_of___ftmul                text38       0020F2
__end_of___ftneg                text30       002CF4
__end_of___ftpack               text41       0024B8
__end_of___ftsub                text29       002AE8
__end_of___fttol                text37       001FFE
__end_of___lldiv                text28       00264E
__end_of___llmod                text27       00285E
__end_of___lltoft               text26       00291C
__end_of___lwtoft               text36       002D18
__end_of___wmul                 text21       002C86
__end_of__div_to_l_             text25       001E04
__end_of__initialization        cinit        00271C
__end_of__npowers_              mediumconst  00FF4D
__end_of__powers_               mediumconst  00FF26
__end_of__tdiv_to_l_            text24       001CDC
__end_of_configure              text42       002B66
__end_of_delay                  text49       002E2A
__end_of_delay_cycles           text53       002C34
__end_of_delay_ms               text54       002CAC
__end_of_dpowers                mediumconst  00FEFF
__end_of_executePWMCommand      text34       00240A
__end_of_executeWriteCommand    text16       0022A4
__end_of_fround                 text20       0016AC
__end_of_getd                   text9        002E0A
__end_of_getu                   text8        002E20
__end_of_highIsr                intcode_body 00235A
__end_of_i2c_init               text57       002E3A
__end_of_i2c_rb                 text7        002792
__end_of_i2c_start              text48       002DEE
__end_of_i2c_stop               text47       002DDE
__end_of_i2c_wb                 text46       002A1E
__end_of_initTimers01           text15       002C60
__end_of_init_adc_no_lib        text56       002E16
__end_of_init_pwm1              text55       002DFE
__end_of_is_byte_available      text14       002DAE
__end_of_isdigit                text19       002D7C
__end_of_lcdPrint               text5        00189E
__end_of_lcd_gotoxy             text33       002AA8
__end_of_lcd_init               text50       0028C0
__end_of_lcd_putc               text32       0029C8
__end_of_lcd_puts               text13       002CD0
__end_of_lcd_send_byte          text51       002A66
__end_of_lcd_send_nibble        text52       002D5E
__end_of_main                   text0        001052
__end_of_read_adc_raw_no_lib    text11       002BA0
__end_of_read_adc_voltage       text10       0027F8
__end_of_read_byte_no_lib       text4        002E32
__end_of_rtc_r                  text6        001F06
__end_of_rtc_w                  text45       002B28
__end_of_scale                  text18       00145A
__end_of_send_byte_no_lib       text3        002DCE
__end_of_send_string_no_lib     text2        002972
__end_of_set_pwm1_raw           text35       002C06
__end_of_setupPorts             text44       002D96
__end_of_setupSerial            text43       002D3C
__end_of_sprintf                text17       000B34
__end_of_updateRTC              text1        001BAA
__initialization                cinit        0026BE
__mediumconst                   mediumconst  00FED6
__npowers_                      mediumconst  00FF26
__pbssBANK0                     bssBANK0     0000D7
__pbssBANK1                     bssBANK1     0001CC
__pbssCOMRAM                    bssCOMRAM    00005B
__pcinit                        cinit        0026BE
__pcstackBANK0                  cstackBANK0  000080
__pcstackBANK1                  cstackBANK1  000100
__pcstackCOMRAM                 cstackCOMRAM 000001
__pdataBANK0                    dataBANK0    0000EF
__pdataCOMRAM                   dataCOMRAM   000067
__pidataBANK0                   idataBANK0   002DAE
__pidataCOMRAM                  idataCOMRAM  002E3A
__pintcode                      intcode      000008
__pintcode_body                 intcode_body 0022A4
__pmediumconst                  mediumconst  00FED6
__powers_                       mediumconst  00FEFF
__ptext0                        text0        000B34
__ptext1                        text1        001A4A
__ptext10                       text10       002792
__ptext11                       text11       002B66
__ptext12                       text12       002BA0
__ptext13                       text13       002CAC
__ptext14                       text14       002D96
__ptext15                       text15       002C34
__ptext16                       text16       0021D8
__ptext17                       text17       000012
__ptext18                       text18       001052
__ptext19                       text19       002D5E
__ptext2                        text2        00291C
__ptext20                       text20       00145A
__ptext21                       text21       002C60
__ptext22                       text22       00264E
__ptext23                       text23       002548
__ptext24                       text24       001BAA
__ptext25                       text25       001CDC
__ptext26                       text26       0028C0
__ptext27                       text27       0027F8
__ptext28                       text28       0025CC
__ptext29                       text29       002AA8
__ptext3                        text3        002DBE
__ptext30                       text30       002CD0
__ptext31                       text31       0024B8
__ptext32                       text32       002972
__ptext33                       text33       002A66
__ptext34                       text34       00235A
__ptext35                       text35       002BD8
__ptext36                       text36       002CF4
__ptext37                       text37       001F06
__ptext38                       text38       001FFE
__ptext39                       text39       0020F2
__ptext4                        text4        002E2A
__ptext40                       text40       00189E
__ptext41                       text41       00240A
__ptext42                       text42       002B28
__ptext43                       text43       002D18
__ptext44                       text44       002D7C
__ptext45                       text45       002AE8
__ptext46                       text46       0029C8
__ptext47                       text47       002DCE
__ptext48                       text48       002DDE
__ptext49                       text49       002E20
__ptext5                        text5        0016AC
__ptext50                       text50       00285E
__ptext51                       text51       002A1E
__ptext52                       text52       002D3C
__ptext53                       text53       002C06
__ptext54                       text54       002C86
__ptext55                       text55       002DEE
__ptext56                       text56       002E0A
__ptext57                       text57       002E32
__ptext6                        text6        001E04
__ptext7                        text7        00272A
__ptext8                        text8        002E16
__ptext9                        text9        002DFE
__ramtop                        ramtop       001000
__size_of___awdiv               (abs)        000000
__size_of___awmod               (abs)        000000
__size_of___awtoft              (abs)        000000
__size_of___ftadd               (abs)        000000
__size_of___ftdiv               (abs)        000000
__size_of___ftge                (abs)        000000
__size_of___ftmul               (abs)        000000
__size_of___ftneg               (abs)        000000
__size_of___ftpack              (abs)        000000
__size_of___ftsub               (abs)        000000
__size_of___fttol               (abs)        000000
__size_of___lldiv               (abs)        000000
__size_of___llmod               (abs)        000000
__size_of___lltoft              (abs)        000000
__size_of___lwtoft              (abs)        000000
__size_of___wmul                (abs)        000000
__size_of__div_to_l_            (abs)        000000
__size_of__tdiv_to_l_           (abs)        000000
__size_of_configure             (abs)        000000
__size_of_delay                 (abs)        000000
__size_of_delay_cycles          (abs)        000000
__size_of_delay_ms              (abs)        000000
__size_of_executePWMCommand     (abs)        000000
__size_of_executeWriteCommand   (abs)        000000
__size_of_fround                (abs)        000000
__size_of_getd                  (abs)        000000
__size_of_getu                  (abs)        000000
__size_of_highIsr               (abs)        000000
__size_of_i2c_init              (abs)        000000
__size_of_i2c_rb                (abs)        000000
__size_of_i2c_start             (abs)        000000
__size_of_i2c_stop              (abs)        000000
__size_of_i2c_wb                (abs)        000000
__size_of_initTimers01          (abs)        000000
__size_of_init_adc_no_lib       (abs)        000000
__size_of_init_pwm1             (abs)        000000
__size_of_is_byte_available     (abs)        000000
__size_of_isdigit               (abs)        000000
__size_of_lcdPrint              (abs)        000000
__size_of_lcd_gotoxy            (abs)        000000
__size_of_lcd_init              (abs)        000000
__size_of_lcd_putc              (abs)        000000
__size_of_lcd_puts              (abs)        000000
__size_of_lcd_send_byte         (abs)        000000
__size_of_lcd_send_nibble       (abs)        000000
__size_of_main                  (abs)        000000
__size_of_read_adc_raw_no_lib   (abs)        000000
__size_of_read_adc_voltage      (abs)        000000
__size_of_read_byte_no_lib      (abs)        000000
__size_of_rtc_r                 (abs)        000000
__size_of_rtc_w                 (abs)        000000
__size_of_scale                 (abs)        000000
__size_of_send_byte_no_lib      (abs)        000000
__size_of_send_string_no_lib    (abs)        000000
__size_of_set_pwm1_raw          (abs)        000000
__size_of_setupPorts            (abs)        000000
__size_of_setupSerial           (abs)        000000
__size_of_sprintf               (abs)        000000
__size_of_updateRTC             (abs)        000000
__smallconst                    smallconst   000000
__tdiv_to_l_                    text24       001BAA
__tdiv_to_l_@cntr               cstackCOMRAM 000022
__tdiv_to_l_@exp1               cstackCOMRAM 000023
__tdiv_to_l_@f1                 cstackCOMRAM 000015
__tdiv_to_l_@f2                 cstackCOMRAM 000018
__tdiv_to_l_@quot               cstackCOMRAM 00001E
_configure                      text42       002B28
_date                           bssBANK0     0000E5
_dayOfMonth                     bssCOMRAM    000062
_delay                          text49       002E20
_delay_cycles                   text53       002C06
_delay_ms                       text54       002C86
_dpowers                        mediumconst  00FED7
_executePWMCommand              text34       00235A
_executeWriteCommand            text16       0021D8
_fround                         text20       00145A
_fround$1964                    cstackCOMRAM 00003E
_fround$1965                    cstackCOMRAM 00003B
_getd                           text9        002DFE
_getu                           text8        002E16
_highIsr                        intcode      000008
_hours                          bssCOMRAM    000064
_i2c_init                       text57       002E32
_i2c_rb                         text7        00272A
_i2c_start                      text48       002DDE
_i2c_stop                       text47       002DCE
_i2c_wb                         text46       0029C8
_initTimers01                   text15       002C34
_init_adc_no_lib                text56       002E0A
_init_pwm1                      text55       002DEE
_is_byte_available              text14       002D96
_isdigit                        text19       002D5E
_isdigit$1586                   cstackCOMRAM 000016
_lcd                            (abs)        000F83
_lcdPrint                       text5        0016AC
_lcdPrint$1962                  cstackBANK1  000123
_lcd_gotoxy                     text33       002A66
_lcd_init                       text50       00285E
_lcd_putc                       text32       002972
_lcd_puts                       text13       002CAC
_lcd_send_byte                  text51       002A1E
_lcd_send_nibble                text52       002D3C
_main                           text0        000B34
_main$1963                      cstackBANK1  0001B7
_minutes                        bssCOMRAM    000065
_month                          bssCOMRAM    000061
_percentage1                    bssBANK1     0001CC
_raw_val1                       bssBANK0     0000D7
_read_adc_raw_no_lib            text11       002B66
_read_adc_voltage               text10       002792
_read_byte_no_lib               text4        002E2A
_receivedCommand                bssCOMRAM    00005B
_rtc_r                          text6        001E04
_rtc_w                          text45       002AE8
_scale                          text18       001052
_scale$1966                     cstackCOMRAM 00003B
_seconds                        bssCOMRAM    000066
_send_byte_no_lib               text3        002DBE
_send_string_no_lib             text2        00291C
_set_pwm1_raw                   text35       002BD8
_setupPorts                     text44       002D7C
_setupSerial                    text43       002D18
_sprintf                        text17       000012
_sprintf$1967                   cstackBANK0  000099
_time                           bssBANK0     0000DB
_updateRTC                      text1        001A4A
_weekday                        bssCOMRAM    000063
_wkday                          dataBANK0    0000EF
_year                           bssCOMRAM    000060
btemp                           temp         00006B
delay_cycles@n                  cstackCOMRAM 000018
delay_cycles@x                  cstackCOMRAM 000019
delay_ms@i                      cstackCOMRAM 000017
delay_ms@n                      cstackCOMRAM 000015
end_of_initialization           cinit        00271C
executePWMCommand@percentage    cstackCOMRAM 000057
executePWMCommand@tmp           cstackBANK0  000086
executeWriteCommand@Buffer      cstackBANK0  0000B6
executeWriteCommand@commandType cstackBANK0  0000D6
executeWriteCommand@value       cstackCOMRAM 000057
fround@prec                     cstackCOMRAM 000041
getd@nn                         cstackCOMRAM 000015
getu@nn                         cstackCOMRAM 000015
i2c_rb@ack                      cstackCOMRAM 000017
i2c_rb@i                        cstackCOMRAM 000019
i2c_rb@ret                      cstackCOMRAM 000018
i2c_wb@i                        cstackCOMRAM 000018
i2c_wb@val                      cstackCOMRAM 000017
int$flags                       temp         00006B
int_func                        intcode_body 0022A4
intlevel0                       text         000000
intlevel1                       text         000000
intlevel2                       text         000000
intlevel3                       text         000000
isdigit@c                       cstackCOMRAM 000017
lcdPrint@AN                     cstackBANK1  000128
lcdPrint@Buffer                 cstackBANK1  000100
lcdPrint@RPS                    cstackBANK1  000126
lcdPrint@channel                cstackBANK1  000131
lcdPrint@voltage                cstackBANK1  000120
lcd_gotoxy@address              cstackCOMRAM 000021
lcd_gotoxy@x                    cstackCOMRAM 000020
lcd_gotoxy@y                    cstackCOMRAM 00001F
lcd_init@i                      cstackCOMRAM 00001F
lcd_putc@c                      cstackCOMRAM 000022
lcd_puts@s                      cstackCOMRAM 000023
lcd_send_byte@cm_data           cstackCOMRAM 00001E
lcd_send_byte@n                 cstackCOMRAM 00001D
lcd_send_nibble@n               cstackCOMRAM 00001C
main@AN                         cstackBANK1  0001BE
main@Buffer                     cstackBANK1  000132
main@Command                    cstackBANK1  0001C7
main@RPS                        cstackBANK1  0001BC
main@RecvedChar                 cstackBANK1  0001CB
main@Value1                     cstackBANK1  0001C8
main@Value2                     cstackBANK1  0001C9
main@channel                    cstackBANK1  0001CA
main@k                          cstackBANK1  0001B3
main@raw_val                    cstackBANK1  0001BA
main@v                          cstackBANK1  0001B2
main@voltage                    cstackBANK1  0001B4
read_adc_raw_no_lib@channel     cstackCOMRAM 000019
read_adc_raw_no_lib@raw_value   cstackCOMRAM 00001A
read_adc_voltage@channel        cstackCOMRAM 00004D
read_adc_voltage@raw_value      cstackCOMRAM 00004E
read_adc_voltage@voltage        cstackCOMRAM 00004A
read_byte_no_lib@c              cstackCOMRAM 000015
rtc_r@tmp                       cstackCOMRAM 00001A
scale@scl                       cstackCOMRAM 00003E
send_byte_no_lib@c              cstackCOMRAM 000015
send_string_no_lib@p            cstackCOMRAM 000016
set_pwm1_raw@raw_value          cstackCOMRAM 000015
setupSerial@dummy               cstackCOMRAM 000015
sprintf@ap                      cstackBANK0  00009E
sprintf@c                       cstackBANK0  0000B5
sprintf@cp                      cstackBANK0  00009C
sprintf@exp                     cstackBANK0  0000AC
sprintf@f                       cstackBANK0  000088
sprintf@flag                    cstackBANK0  0000A2
sprintf@fval                    cstackBANK0  0000B0
sprintf@len                     cstackBANK0  0000A0
sprintf@prec                    cstackBANK0  0000B3
sprintf@sp                      cstackBANK0  000086
sprintf@tmpval                  cstackBANK0  0000A4
sprintf@val                     cstackBANK0  0000A8
sprintf@width                   cstackBANK0  0000AE
stackhi                         (abs)        000F7F
stacklo                         (abs)        0001CE
start                           init         00000E
start_initialization            cinit        0026BE
wtemp6                          temp         00006C


FUNCTION INFORMATION:

 *************** function _main *****************
 Defined at:
		line 281 in file "project.c"
 Parameters:    Size  Location     Type
		None
 Auto vars:     Size  Location     Type
  Buffer        128   50[BANK1 ] unsigned char [128]
  AN              9  190[BANK1 ] float [3]
  voltage         3  180[BANK1 ] float 
  RPS             2  188[BANK1 ] int 
  raw_val         2  186[BANK1 ] int 
  RecvedChar      1  203[BANK1 ] unsigned char 
  channel         1  202[BANK1 ] unsigned char 
  Value2          1  201[BANK1 ] unsigned char 
  Value1          1  200[BANK1 ] unsigned char 
  Command         1  199[BANK1 ] unsigned char 
  k               1  179[BANK1 ] unsigned char 
  v               1  178[BANK1 ] unsigned char 
 Return value:  Size  Location     Type
                  1    wreg      void 
 Registers used:
		wreg, fsr1l, fsr1h, fsr2l, fsr2h, status,2, status,0, tblptrl, tblptrh, tblptru, prodl, prodh, cstack
 Tracked objects:
		On entry : 
		On exit  : 
		Unchanged: 
 Data sizes:     COMRAM   BANK0   BANK1   BANK2   BANK3   BANK4   BANK5   BANK6   BANK7   BANK8   BANK9  BANK10  BANK11  BANK12  BANK13  BANK14  BANK15
      Params:         0       0       0       0       0       0       0       0       0       0       0       0       0       0       0       0       0
      Locals:         0       0     154       0       0       0       0       0       0       0       0       0       0       0       0       0       0
      Temps:          2       0       0       0       0       0       0       0       0       0       0       0       0       0       0       0       0
      Totals:         2       0     154       0       0       0       0       0       0       0       0       0       0       0       0       0       0
Total ram usage:      156 bytes
 Hardware stack levels required when called:    8
 This function calls:
		___awtoft
		___ftdiv
		___ftmul
		___lwtoft
		___wmul
		_configure
		_executePWMCommand
		_executeWriteCommand
		_initTimers01
		_is_byte_available
		_lcdPrint
		_lcd_putc
		_read_adc_raw_no_lib
		_read_adc_voltage
		_read_byte_no_lib
		_send_string_no_lib
		_set_pwm1_raw
		_sprintf
		_updateRTC
 This function is called by:
		Startup code after reset
 This function uses a non-reentrant model


 *************** function _updateRTC *****************
 Defined at:
		line 200 in file "project.c"
 Parameters:    Size  Location     Type
		None
 Auto vars:     Size  Location     Type
		None
 Return value:  Size  Location     Type
                  1    wreg      void 
 Registers used:
		wreg, status,2, status,0, cstack
 Tracked objects:
		On entry : 
		On exit  : 
		Unchanged: 
 Data sizes:     COMRAM   BANK0   BANK1   BANK2   BANK3   BANK4   BANK5   BANK6   BANK7   BANK8   BANK9  BANK10  BANK11  BANK12  BANK13  BANK14  BANK15
      Params:         0       0       0       0       0       0       0       0       0       0       0       0       0       0       0       0       0
      Locals:         0       0       0       0       0       0       0       0       0       0       0       0       0       0       0       0       0
      Temps:          2       0       0       0       0       0       0       0       0       0       0       0       0       0       0       0       0
      Totals:         2       0       0       0       0       0       0       0       0       0       0       0       0       0       0       0       0
Total ram usage:        2 bytes
 Hardware stack levels used:    1
 Hardware stack levels required when called:    3
 This function calls:
		___awdiv
		___awmod
		_i2c_start
		_i2c_stop
		_i2c_wb
 This function is called by:
		_main
 This function uses a non-reentrant model


 *************** function _send_string_no_lib *****************
 Defined at:
		line 47 in file "my_ser.c"
 Parameters:    Size  Location     Type
  p               2   21[COMRAM] PTR unsigned char 
		 -> STR_28(3), STR_27(3), STR_26(3), STR_24(3), 
		 -> STR_23(3), STR_22(2), STR_20(3), STR_19(3), 
		 -> STR_17(3), STR_16(3), STR_15(3), STR_14(3), 
		 -> main@Buffer(128), STR_13(3), 
 Auto vars:     Size  Location     Type
		None
 Return value:  Size  Location     Type
                  1    wreg      void 
 Registers used:
		wreg, fsr1l, fsr1h, status,2, status,0, tblptrl, tblptrh, tblptru, cstack
 Tracked objects:
		On entry : 
		On exit  : 
		Unchanged: 
 Data sizes:     COMRAM   BANK0   BANK1   BANK2   BANK3   BANK4   BANK5   BANK6   BANK7   BANK8   BANK9  BANK10  BANK11  BANK12  BANK13  BANK14  BANK15
      Params:         2       0       0       0       0       0       0       0       0       0       0       0       0       0       0       0       0
      Locals:         0       0       0       0       0       0       0       0       0       0       0       0       0       0       0       0       0
      Temps:          0       0       0       0       0       0       0       0       0       0       0       0       0       0       0       0       0
      Totals:         2       0       0       0       0       0       0       0       0       0       0       0       0       0       0       0       0
Total ram usage:        2 bytes
 Hardware stack levels used:    1
 Hardware stack levels required when called:    2
 This function calls:
		_send_byte_no_lib
 This function is called by:
		_main
 This function uses a non-reentrant model


 *************** function _send_byte_no_lib *****************
 Defined at:
		line 39 in file "my_ser.c"
 Parameters:    Size  Location     Type
  c               1    wreg     unsigned char 
 Auto vars:     Size  Location     Type
  c               1   20[COMRAM] unsigned char 
 Return value:  Size  Location     Type
                  1    wreg      void 
 Registers used:
		wreg
 Tracked objects:
		On entry : 
		On exit  : 
		Unchanged: 
 Data sizes:     COMRAM   BANK0   BANK1   BANK2   BANK3   BANK4   BANK5   BANK6   BANK7   BANK8   BANK9  BANK10  BANK11  BANK12  BANK13  BANK14  BANK15
      Params:         0       0       0       0       0       0       0       0       0       0       0       0       0       0       0       0       0
      Locals:         1       0       0       0       0       0       0       0       0       0       0       0       0       0       0       0       0
      Temps:          0       0       0       0       0       0       0       0       0       0       0       0       0       0       0       0       0
      Totals:         1       0       0       0       0       0       0       0       0       0       0       0       0       0       0       0       0
Total ram usage:        1 bytes
 Hardware stack levels used:    1
 Hardware stack levels required when called:    1
 This function calls:
		Nothing
 This function is called by:
		_send_string_no_lib
 This function uses a non-reentrant model


 *************** function _read_byte_no_lib *****************
 Defined at:
		line 33 in file "my_ser.c"
 Parameters:    Size  Location     Type
		None
 Auto vars:     Size  Location     Type
  c               1   20[COMRAM] unsigned char 
 Return value:  Size  Location     Type
                  1    wreg      unsigned char 
 Registers used:
		wreg, status,2
 Tracked objects:
		On entry : 
		On exit  : 
		Unchanged: 
 Data sizes:     COMRAM   BANK0   BANK1   BANK2   BANK3   BANK4   BANK5   BANK6   BANK7   BANK8   BANK9  BANK10  BANK11  BANK12  BANK13  BANK14  BANK15
      Params:         0       0       0       0       0       0       0       0       0       0       0       0       0       0       0       0       0
      Locals:         1       0       0       0       0       0       0       0       0       0       0       0       0       0       0       0       0
      Temps:          0       0       0       0       0       0       0       0       0       0       0       0       0       0       0       0       0
      Totals:         1       0       0       0       0       0       0       0       0       0       0       0       0       0       0       0       0
Total ram usage:        1 bytes
 Hardware stack levels used:    1
 Hardware stack levels required when called:    1
 This function calls:
		Nothing
 This function is called by:
		_main
 This function uses a non-reentrant model


 *************** function _lcdPrint *****************
 Defined at:
		line 129 in file "project.c"
 Parameters:    Size  Location     Type
		None
 Auto vars:     Size  Location     Type
  Buffer         32    0[BANK1 ] unsigned char [32]
  AN              9   40[BANK1 ] float [3]
  voltage         3   32[BANK1 ] float 
  RPS             2   38[BANK1 ] int 
  raw_val         2    0        int 
  channel         1   49[BANK1 ] unsigned char 
 Return value:  Size  Location     Type
                  1    wreg      void 
 Registers used:
		wreg, fsr1l, fsr1h, fsr2l, fsr2h, status,2, status,0, tblptrl, tblptrh, tblptru, prodl, prodh, cstack
 Tracked objects:
		On entry : 
		On exit  : 
		Unchanged: 
 Data sizes:     COMRAM   BANK0   BANK1   BANK2   BANK3   BANK4   BANK5   BANK6   BANK7   BANK8   BANK9  BANK10  BANK11  BANK12  BANK13  BANK14  BANK15
      Params:         0       0       0       0       0       0       0       0       0       0       0       0       0       0       0       0       0
      Locals:         0       0      50       0       0       0       0       0       0       0       0       0       0       0       0       0       0
      Temps:          1       0       0       0       0       0       0       0       0       0       0       0       0       0       0       0       0
      Totals:         1       0      50       0       0       0       0       0       0       0       0       0       0       0       0       0       0
Total ram usage:       51 bytes
 Hardware stack levels used:    1
 Hardware stack levels required when called:    7
 This function calls:
		___awtoft
		___ftdiv
		___ftmul
		___lwtoft
		_delay_ms
		_lcd_gotoxy
		_lcd_putc
		_lcd_puts
		_read_adc_voltage
		_rtc_r
		_sprintf
 This function is called by:
		_main
 This function uses a non-reentrant model


 *************** function _rtc_r *****************
 Defined at:
		line 20 in file "sw_rtc.c"
 Parameters:    Size  Location     Type
		None
 Auto vars:     Size  Location     Type
  tmp             1   25[COMRAM] unsigned char 
 Return value:  Size  Location     Type
                  1    wreg      void 
 Registers used:
		wreg, status,2, status,0, cstack
 Tracked objects:
		On entry : 
		On exit  : 
		Unchanged: 
 Data sizes:     COMRAM   BANK0   BANK1   BANK2   BANK3   BANK4   BANK5   BANK6   BANK7   BANK8   BANK9  BANK10  BANK11  BANK12  BANK13  BANK14  BANK15
      Params:         0       0       0       0       0       0       0       0       0       0       0       0       0       0       0       0       0
      Locals:         1       0       0       0       0       0       0       0       0       0       0       0       0       0       0       0       0
      Temps:          0       0       0       0       0       0       0       0       0       0       0       0       0       0       0       0       0
      Totals:         1       0       0       0       0       0       0       0       0       0       0       0       0       0       0       0       0
Total ram usage:        1 bytes
 Hardware stack levels used:    1
 Hardware stack levels required when called:    3
 This function calls:
		_getd
		_getu
		_i2c_rb
		_i2c_start
		_i2c_stop
		_i2c_wb
 This function is called by:
		_lcdPrint
 This function uses a non-reentrant model


 *************** function _i2c_rb *****************
 Defined at:
		line 71 in file "sw_i2c.c"
 Parameters:    Size  Location     Type
  ack             1    wreg     unsigned char 
 Auto vars:     Size  Location     Type
  ack             1   22[COMRAM] unsigned char 
  i               1   24[COMRAM] unsigned char 
  ret             1   23[COMRAM] unsigned char 
 Return value:  Size  Location     Type
                  1    wreg      unsigned char 
 Registers used:
		wreg, status,2, status,0, cstack
 Tracked objects:
		On entry : 
		On exit  : 
		Unchanged: 
 Data sizes:     COMRAM   BANK0   BANK1   BANK2   BANK3   BANK4   BANK5   BANK6   BANK7   BANK8   BANK9  BANK10  BANK11  BANK12  BANK13  BANK14  BANK15
      Params:         0       0       0       0       0       0       0       0       0       0       0       0       0       0       0       0       0
      Locals:         3       0       0       0       0       0       0       0       0       0       0       0       0       0       0       0       0
      Temps:          2       0       0       0       0       0       0       0       0       0       0       0       0       0       0       0       0
      Totals:         5       0       0       0       0       0       0       0       0       0       0       0       0       0       0       0       0
Total ram usage:        5 bytes
 Hardware stack levels used:    1
 Hardware stack levels required when called:    2
 This function calls:
		_delay
 This function is called by:
		_rtc_r
 This function uses a non-reentrant model


 *************** function _getu *****************
 Defined at:
		line 14 in file "sw_rtc.c"
 Parameters:    Size  Location     Type
  nn              1    wreg     unsigned char 
 Auto vars:     Size  Location     Type
  nn              1   20[COMRAM] unsigned char 
 Return value:  Size  Location     Type
                  1    wreg      unsigned char 
 Registers used:
		wreg, status,2, status,0
 Tracked objects:
		On entry : 
		On exit  : 
		Unchanged: 
 Data sizes:     COMRAM   BANK0   BANK1   BANK2   BANK3   BANK4   BANK5   BANK6   BANK7   BANK8   BANK9  BANK10  BANK11  BANK12  BANK13  BANK14  BANK15
      Params:         0       0       0       0       0       0       0       0       0       0       0       0       0       0       0       0       0
      Locals:         1       0       0       0       0       0       0       0       0       0       0       0       0       0       0       0       0
      Temps:          0       0       0       0       0       0       0       0       0       0       0       0       0       0       0       0       0
      Totals:         1       0       0       0       0       0       0       0       0       0       0       0       0       0       0       0       0
Total ram usage:        1 bytes
 Hardware stack levels used:    1
 Hardware stack levels required when called:    1
 This function calls:
		Nothing
 This function is called by:
		_rtc_r
 This function uses a non-reentrant model


 *************** function _getd *****************
 Defined at:
		line 9 in file "sw_rtc.c"
 Parameters:    Size  Location     Type
  nn              1    wreg     unsigned char 
 Auto vars:     Size  Location     Type
  nn              1   20[COMRAM] unsigned char 
 Return value:  Size  Location     Type
                  1    wreg      unsigned char 
 Registers used:
		wreg, status,2, status,0
 Tracked objects:
		On entry : 
		On exit  : 
		Unchanged: 
 Data sizes:     COMRAM   BANK0   BANK1   BANK2   BANK3   BANK4   BANK5   BANK6   BANK7   BANK8   BANK9  BANK10  BANK11  BANK12  BANK13  BANK14  BANK15
      Params:         0       0       0       0       0       0       0       0       0       0       0       0       0       0       0       0       0
      Locals:         1       0       0       0       0       0       0       0       0       0       0       0       0       0       0       0       0
      Temps:          0       0       0       0       0       0       0       0       0       0       0       0       0       0       0       0       0
      Totals:         1       0       0       0       0       0       0       0       0       0       0       0       0       0       0       0       0
Total ram usage:        1 bytes
 Hardware stack levels used:    1
 Hardware stack levels required when called:    1
 This function calls:
		Nothing
 This function is called by:
		_rtc_r
 This function uses a non-reentrant model


 *************** function _read_adc_voltage *****************
 Defined at:
		line 48 in file "my_adc.c"
 Parameters:    Size  Location     Type
  channel         1    wreg     unsigned char 
 Auto vars:     Size  Location     Type
  channel         1   76[COMRAM] unsigned char 
  voltage         3   73[COMRAM] float 
  raw_value       2   77[COMRAM] int 
 Return value:  Size  Location     Type
                  3   70[COMRAM] float 
 Registers used:
		wreg, status,2, status,0, prodl, prodh, cstack
 Tracked objects:
		On entry : 
		On exit  : 
		Unchanged: 
 Data sizes:     COMRAM   BANK0   BANK1   BANK2   BANK3   BANK4   BANK5   BANK6   BANK7   BANK8   BANK9  BANK10  BANK11  BANK12  BANK13  BANK14  BANK15
      Params:         3       0       0       0       0       0       0       0       0       0       0       0       0       0       0       0       0
      Locals:         6       0       0       0       0       0       0       0       0       0       0       0       0       0       0       0       0
      Temps:          0       0       0       0       0       0       0       0       0       0       0       0       0       0       0       0       0
      Totals:         9       0       0       0       0       0       0       0       0       0       0       0       0       0       0       0       0
Total ram usage:        9 bytes
 Hardware stack levels used:    1
 Hardware stack levels required when called:    3
 This function calls:
		___awtoft
		___ftdiv
		___wmul
		_read_adc_raw_no_lib
 This function is called by:
		_lcdPrint
		_main
 This function uses a non-reentrant model


 *************** function _read_adc_raw_no_lib *****************
 Defined at:
		line 32 in file "my_adc.c"
 Parameters:    Size  Location     Type
  channel         1    wreg     unsigned char 
 Auto vars:     Size  Location     Type
  channel         1   24[COMRAM] unsigned char 
  raw_value       2   25[COMRAM] int 
 Return value:  Size  Location     Type
                  2   20[COMRAM] int 
 Registers used:
		wreg, status,2, status,0
 Tracked objects:
		On entry : 
		On exit  : 
		Unchanged: 
 Data sizes:     COMRAM   BANK0   BANK1   BANK2   BANK3   BANK4   BANK5   BANK6   BANK7   BANK8   BANK9  BANK10  BANK11  BANK12  BANK13  BANK14  BANK15
      Params:         2       0       0       0       0       0       0       0       0       0       0       0       0       0       0       0       0
      Locals:         3       0       0       0       0       0       0       0       0       0       0       0       0       0       0       0       0
      Temps:          2       0       0       0       0       0       0       0       0       0       0       0       0       0       0       0       0
      Totals:         7       0       0       0       0       0       0       0       0       0       0       0       0       0       0       0       0
Total ram usage:        7 bytes
 Hardware stack levels used:    1
 Hardware stack levels required when called:    1
 This function calls:
		Nothing
 This function is called by:
		_main
		_read_adc_voltage
[...]
      Totals:         0       0       0       0       0       0       0       0       0       0       0       0       0       0       0       0       0
Total ram usage:        0 bytes
 Hardware stack levels used:    1
 Hardware stack levels required when called:    1
 This function calls:
		Nothing
 This function is called by:
		_i2c_start
		_i2c_stop
		_i2c_wb
		_i2c_rb
 This function uses a non-reentrant model


 *************** function _lcd_init *****************
 Defined at:
		line 49 in file "lcd_x8.c"
 Parameters:    Size  Location     Type
		None
 Auto vars:     Size  Location     Type
  i               1   30[COMRAM] unsigned char 
 Return value:  Size  Location     Type
                  1    wreg      void 
 Registers used:
		wreg, fsr2l, fsr2h, status,2, status,0, prodl, prodh, cstack
 Tracked objects:
		On entry : 
		On exit  : 
		Unchanged: 
 Data sizes:     COMRAM   BANK0   BANK1   BANK2   BANK3   BANK4   BANK5   BANK6   BANK7   BANK8   BANK9  BANK10  BANK11  BANK12  BANK13  BANK14  BANK15
      Params:         0       0       0       0       0       0       0       0       0       0       0       0       0       0       0       0       0
      Locals:         1       0       0       0       0       0       0       0       0       0       0       0       0       0       0       0       0
      Temps:          0       0       0       0       0       0       0       0       0       0       0       0       0       0       0       0       0
      Totals:         1       0       0       0       0       0       0       0       0       0       0       0       0       0       0       0       0
Total ram usage:        1 bytes
 Hardware stack levels used:    1
 Hardware stack levels required when called:    4
 This function calls:
		_delay_ms
		_lcd_send_byte
		_lcd_send_nibble
 This function is called by:
		_configure
 This function uses a non-reentrant model


 *************** function _lcd_send_byte *****************
 Defined at:
		line 32 in file "lcd_x8.c"
 Parameters:    Size  Location     Type
  cm_data         1    wreg     unsigned char 
  n               1   28[COMRAM] unsigned char 
 Auto vars:     Size  Location     Type
  cm_data         1   29[COMRAM] unsigned char 
 Return value:  Size  Location     Type
                  1    wreg      void 
 Registers used:
		wreg, status,2, status,0, cstack
 Tracked objects:
		On entry : 
		On exit  : 
		Unchanged: 
 Data sizes:     COMRAM   BANK0   BANK1   BANK2   BANK3   BANK4   BANK5   BANK6   BANK7   BANK8   BANK9  BANK10  BANK11  BANK12  BANK13  BANK14  BANK15
      Params:         1       0       0       0       0       0       0       0       0       0       0       0       0       0       0       0       0
      Locals:         1       0       0       0       0       0       0       0       0       0       0       0       0       0       0       0       0
      Temps:          0       0       0       0       0       0       0       0       0       0       0       0       0       0       0       0       0
      Totals:         2       0       0       0       0       0       0       0       0       0       0       0       0       0       0       0       0
Total ram usage:        2 bytes
 Hardware stack levels used:    1
 Hardware stack levels required when called:    3
 This function calls:
		_delay_cycles
		_delay_ms
		_lcd_send_nibble
 This function is called by:
		_lcd_init
		_lcd_gotoxy
		_lcd_putc
		_Lcd_Shift_Right
		_Lcd_Shift_Left
 This function uses a non-reentrant model


 *************** function _lcd_send_nibble *****************
 Defined at:
		line 22 in file "lcd_x8.c"
 Parameters:    Size  Location     Type
  n               1    wreg     unsigned char 
 Auto vars:     Size  Location     Type
  n               1   27[COMRAM] unsigned char 
 Return value:  Size  Location     Type
                  1    wreg      void 
 Registers used:
		wreg, status,2, status,0, cstack
 Tracked objects:
		On entry : 
		On exit  : 
		Unchanged: 
 Data sizes:     COMRAM   BANK0   BANK1   BANK2   BANK3   BANK4   BANK5   BANK6   BANK7   BANK8   BANK9  BANK10  BANK11  BANK12  BANK13  BANK14  BANK15
      Params:         0       0       0       0       0       0       0       0       0       0       0       0       0       0       0       0       0
      Locals:         1       0       0       0       0       0       0       0       0       0       0       0       0       0       0       0       0
      Temps:          1       0       0       0       0       0       0       0       0       0       0       0       0       0       0       0       0
      Totals:         2       0       0       0       0       0       0       0       0       0       0       0       0       0       0       0       0
Total ram usage:        2 bytes
 Hardware stack levels used:    1
 Hardware stack levels required when called:    2
 This function calls:
		_delay_cycles
 This function is called by:
		_lcd_send_byte
		_lcd_init
 This function uses a non-reentrant model


 *************** function _delay_cycles *****************
 Defined at:
		line 13 in file "lcd_x8.c"
 Parameters:    Size  Location     Type
  n               1    wreg     unsigned char 
 Auto vars:     Size  Location     Type
  n               1   23[COMRAM] unsigned char 
  x               2   24[COMRAM] int 
 Return value:  Size  Location     Type
                  1    wreg      void 
 Registers used:
		wreg, status,2, status,0
 Tracked objects:
		On entry : 
		On exit  : 
		Unchanged: 
 Data sizes:     COMRAM   BANK0   BANK1   BANK2   BANK3   BANK4   BANK5   BANK6   BANK7   BANK8   BANK9  BANK10  BANK11  BANK12  BANK13  BANK14  BANK15
      Params:         0       0       0       0       0       0       0       0       0       0       0       0       0       0       0       0       0
      Locals:         3       0       0       0       0       0       0       0       0       0       0       0       0       0       0       0       0
      Temps:          3       0       0       0       0       0       0       0       0       0       0       0       0       0       0       0       0
      Totals:         6       0       0       0       0       0       0       0       0       0       0       0       0       0       0       0       0
Total ram usage:        6 bytes
 Hardware stack levels used:    1
 Hardware stack levels required when called:    1
 This function calls:
		Nothing
 This function is called by:
		_lcd_send_nibble
		_lcd_send_byte
 This function uses a non-reentrant model


 *************** function _delay_ms *****************
 Defined at:
		line 192 in file "project.c"
 Parameters:    Size  Location     Type
  n               2   20[COMRAM] unsigned int 
 Auto vars:     Size  Location     Type
  i               2   22[COMRAM] int 
 Return value:  Size  Location     Type
                  1    wreg      void 
 Registers used:
		wreg, status,2, status,0
 Tracked objects:
		On entry : 
		On exit  : 
		Unchanged: 
 Data sizes:     COMRAM   BANK0   BANK1   BANK2   BANK3   BANK4   BANK5   BANK6   BANK7   BANK8   BANK9  BANK10  BANK11  BANK12  BANK13  BANK14  BANK15
      Params:         2       0       0       0       0       0       0       0       0       0       0       0       0       0       0       0       0
      Locals:         2       0       0       0       0       0       0       0       0       0       0       0       0       0       0       0       0
      Temps:          0       0       0       0       0       0       0       0       0       0       0       0       0       0       0       0       0
      Totals:         4       0       0       0       0       0       0       0       0       0       0       0       0       0       0       0       0
Total ram usage:        4 bytes
 Hardware stack levels used:    1
 Hardware stack levels required when called:    1
 This function calls:
		Nothing
 This function is called by:
		_lcdPrint
		_configure
		_executeWriteCommand
		_lcd_send_byte
		_lcd_init
		_lcd_putc
 This function uses a non-reentrant model


 *************** function _init_pwm1 *****************
 Defined at:
		line 5 in file "my_pwm.c"
 Parameters:    Size  Location     Type
		None
 Auto vars:     Size  Location     Type
		None
 Return value:  Size  Location     Type
                  1    wreg      void 
 Registers used:
		wreg, status,2
 Tracked objects:
		On entry : 
		On exit  : 
		Unchanged: 
 Data sizes:     COMRAM   BANK0   BANK1   BANK2   BANK3   BANK4   BANK5   BANK6   BANK7   BANK8   BANK9  BANK10  BANK11  BANK12  BANK13  BANK14  BANK15
      Params:         0       0       0       0       0       0       0       0       0       0       0       0       0       0       0       0       0
      Locals:         0       0       0       0       0       0       0       0       0       0       0       0       0       0       0       0       0
      Temps:          0       0       0       0       0       0       0       0       0       0       0       0       0       0       0       0       0
      Totals:         0       0       0       0       0       0       0       0       0       0       0       0       0       0       0       0       0
Total ram usage:        0 bytes
 Hardware stack levels used:    1
 Hardware stack levels required when called:    1
 This function calls:
		Nothing
 This function is called by:
		_configure
 This function uses a non-reentrant model


 *************** function _init_adc_no_lib *****************
 Defined at:
		line 11 in file "my_adc.c"
 Parameters:    Size  Location     Type
		None
 Auto vars:     Size  Location     Type
		None
 Return value:  Size  Location     Type
                  1    wreg      void 
 Registers used:
		wreg, status,2
 Tracked objects:
		On entry : 
		On exit  : 
		Unchanged: 
 Data sizes:     COMRAM   BANK0   BANK1   BANK2   BANK3   BANK4   BANK5   BANK6   BANK7   BANK8   BANK9  BANK10  BANK11  BANK12  BANK13  BANK14  BANK15
      Params:         0       0       0       0       0       0       0       0       0       0       0       0       0       0       0       0       0
      Locals:         0       0       0       0       0       0       0       0       0       0       0       0       0       0       0       0       0
      Temps:          0       0       0       0       0       0       0       0       0       0       0       0       0       0       0       0       0
      Totals:         0       0       0       0       0       0       0       0       0       0       0       0       0       0       0       0       0
Total ram usage:        0 bytes
 Hardware stack levels used:    1
 Hardware stack levels required when called:    1
 This function calls:
		Nothing
 This function is called by:
		_configure
 This function uses a non-reentrant model


 *************** function _i2c_init *****************
 Defined at:
		line 24 in file "sw_i2c.c"
 Parameters:    Size  Location     Type
		None
 Auto vars:     Size  Location     Type
		None
 Return value:  Size  Location     Type
                  1    wreg      void 
 Registers used:
		None
 Tracked objects:
		On entry : 
		On exit  : 
		Unchanged: 
 Data sizes:     COMRAM   BANK0   BANK1   BANK2   BANK3   BANK4   BANK5   BANK6   BANK7   BANK8   BANK9  BANK10  BANK11  BANK12  BANK13  BANK14  BANK15
      Params:         0       0       0       0       0       0       0       0       0       0       0       0       0       0       0       0       0
      Locals:         0       0       0       0       0       0       0       0       0       0       0       0       0       0       0       0       0
      Temps:          0       0       0       0       0       0       0       0       0       0       0       0       0       0       0       0       0
      Totals:         0       0       0       0       0       0       0       0       0       0       0       0       0       0       0       0       0
Total ram usage:        0 bytes
 Hardware stack levels used:    1
 Hardware stack levels required when called:    1
 This function calls:
		Nothing
 This function is called by:
		_configure
 This function uses a non-reentrant model


 *************** function _highIsr *****************
 Defined at:
		line 164 in file "project.c"
 Parameters:    Size  Location     Type
		None
 Auto vars:     Size  Location     Type
		None
 Return value:  Size  Location     Type
                  1    wreg      void 
 Registers used:
		wreg, status,2
 Tracked objects:
		On entry : 
		On exit  : 
		Unchanged: 
 Data sizes:     COMRAM   BANK0   BANK1   BANK2   BANK3   BANK4   BANK5   BANK6   BANK7   BANK8   BANK9  BANK10  BANK11  BANK12  BANK13  BANK14  BANK15
      Params:         0       0       0       0       0       0       0       0       0       0       0       0       0       0       0       0       0
      Locals:         0       0       0       0       0       0       0       0       0       0       0       0       0       0       0       0       0
      Temps:         20       0       0       0       0       0       0       0       0       0       0       0       0       0       0       0       0
      Totals:        20       0       0       0       0       0       0       0       0       0       0       0       0       0       0       0       0
Total ram usage:       20 bytes
 Hardware stack levels used:    1
 This function calls:
		Nothing
 This function is called by:
		Interrupt level 2
 This function uses a non-reentrant model



MODULE INFORMATION

Module		Function		Class		Link	Load	Size
C:\Program Files (x86)\Microchip\xc8\v1.45\sources\common\ftneg.c
		___ftneg       		CODE           	2CD0	0000	37

C:\Program Files (x86)\Microchip\xc8\v1.45\sources\common\ftneg.c estimated size: 37

C:\Program Files (x86)\Microchip\xc8\v1.45\sources\common\ftsub.c
		___ftsub       		CODE           	2AA8	0000	65

C:\Program Files (x86)\Microchip\xc8\v1.45\sources\common\ftsub.c estimated size: 65

C:\Program Files (x86)\Microchip\xc8\v1.45\sources\common\float.c
		___ftpack      		CODE           	240A	0000	175

C:\Program Files (x86)\Microchip\xc8\v1.45\sources\common\float.c estimated size: 175

C:\Program Files (x86)\Microchip\xc8\v1.45\sources\common\doprnt.c
		_scale         		CODE           	1052	0000	1033
		_sprintf       		CODE           	0012	0000	2851
		_fround        		CODE           	145A	0000	595

C:\Program Files (x86)\Microchip\xc8\v1.45\sources\common\doprnt.c estimated size: 4479

sw_i2c.c
		_i2c_rb        		CODE           	272A	0000	105
		_delay         		CODE           	2E20	0000	11
		_i2c_start     		CODE           	2DDE	0000	17
		_i2c_stop      		CODE           	2DCE	0000	17
		_i2c_init      		CODE           	2E32	0000	9
		_i2c_wb        		CODE           	29C8	0000	87

sw_i2c.c estimated size: 246

C:\Program Files (x86)\Microchip\xc8\v1.45\sources\common\lltoft.c
		___lltoft      		CODE           	28C0	0000	93

C:\Program Files (x86)\Microchip\xc8\v1.45\sources\common\lltoft.c estimated size: 93

C:\Program Files (x86)\Microchip\xc8\v1.45\sources\common\Umul16.c
		___wmul        		CODE           	2C60	0000	39

C:\Program Files (x86)\Microchip\xc8\v1.45\sources\common\Umul16.c estimated size: 39

my_ser.c
		_send_byte_no_lib		CODE           	2DBE	0000	17
		_is_byte_available		CODE           	2D96	0000	25
		_read_byte_no_lib		CODE           	2E2A	0000	9
		_setupSerial   		CODE           	2D18	0000	37
		_send_string_no_lib		CODE           	291C	0000	87

my_ser.c estimated size: 175

my_pwm.c
		_init_pwm1     		CODE           	2DEE	0000	17
		_set_pwm1_raw  		CODE           	2BD8	0000	47

my_pwm.c estimated size: 64

C:\Program Files (x86)\Microchip\xc8\v1.45\sources\common\ftge.c
		___ftge        		CODE           	24B8	0000	145

C:\Program Files (x86)\Microchip\xc8\v1.45\sources\common\ftge.c estimated size: 145

my_adc.c
		_init_adc_no_lib		CODE           	2E0A	0000	13
		_read_adc_raw_no_lib		CODE           	2B66	0000	59
		_read_adc_voltage		CODE           	2792	0000	103

my_adc.c estimated size: 175

C:\Program Files (x86)\Microchip\xc8\v1.45\sources\common\isdigit.c
		_isdigit       		CODE           	2D5E	0000	31

C:\Program Files (x86)\Microchip\xc8\v1.45\sources\common\isdigit.c estimated size: 31

C:\Program Files (x86)\Microchip\xc8\v1.45\sources\common\ftdivl.c
		__tdiv_to_l_   		CODE           	1BAA	0000	307

C:\Program Files (x86)\Microchip\xc8\v1.45\sources\common\ftdivl.c estimated size: 307

C:\Program Files (x86)\Microchip\xc8\v1.45\sources\common\ftmul.c
		___ftmul       		CODE           	1FFE	0000	245

C:\Program Files (x86)\Microchip\xc8\v1.45\sources\common\ftmul.c estimated size: 245

C:\Program Files (x86)\Microchip\xc8\v1.45\sources\common\awmod.c
		___awmod       		CODE           	264E	0000	113

C:\Program Files (x86)\Microchip\xc8\v1.45\sources\common\awmod.c estimated size: 113

C:\Program Files (x86)\Microchip\xc8\v1.45\sources\common\ftdiv.c
		___ftdiv       		CODE           	20F2	0000	231

C:\Program Files (x86)\Microchip\xc8\v1.45\sources\common\ftdiv.c estimated size: 231

project.c
		_configure     		CODE           	2B28	0000	63
		_main          		CODE           	0B34	0000	1311
		_executePWMCommand		CODE           	235A	0000	177
		_highIsr       		CODE           	0008	0000	189
		_updateRTC     		CODE           	1A4A	0000	353
		_initTimers01  		CODE           	2C34	0000	45
		_setupPorts    		CODE           	2D7C	0000	27
		_delay_ms      		CODE           	2C86	0000	39
		_lcdPrint      		CODE           	16AC	0000	499
		_executeWriteCommand		CODE           	21D8	0000	205

project.c estimated size: 2908

C:\Program Files (x86)\Microchip\xc8\v1.45\sources\common\llmod.c
		___llmod       		CODE           	27F8	0000	103

C:\Program Files (x86)\Microchip\xc8\v1.45\sources\common\llmod.c estimated size: 103

C:\Program Files (x86)\Microchip\xc8\v1.45\sources\common\fldivl.c
		__div_to_l_    		CODE           	1CDC	0000	297

C:\Program Files (x86)\Microchip\xc8\v1.45\sources\common\fldivl.c estimated size: 297

sw_rtc.c
		_getu          		CODE           	2E16	0000	11
		_rtc_w         		CODE           	2AE8	0000	65
		_rtc_r         		CODE           	1E04	0000	259
		_getd          		CODE           	2DFE	0000	13

sw_rtc.c estimated size: 348

shared
		__powers_      		MEDIUMCONST    	FEFF	0000	40
		_dpowers       		MEDIUMCONST    	FED7	0000	41
		__npowers_     		MEDIUMCONST    	FF26	0000	40
		__initialization		CODE           	26BE	0000	95

shared estimated size: 216

C:\Program Files (x86)\Microchip\xc8\v1.45\sources\common\fttol.c
		___fttol       		CODE           	1F06	0000	249

C:\Program Files (x86)\Microchip\xc8\v1.45\sources\common\fttol.c estimated size: 249

C:\Program Files (x86)\Microchip\xc8\v1.45\sources\common\awtoft.c
		___awtoft      		CODE           	2BA0	0000	57

C:\Program Files (x86)\Microchip\xc8\v1.45\sources\common\awtoft.c estimated size: 57

C:\Program Files (x86)\Microchip\xc8\v1.45\sources\common\awdiv.c
		___awdiv       		CODE           	2548	0000	133

C:\Program Files (x86)\Microchip\xc8\v1.45\sources\common\awdiv.c estimated size: 133

C:\Program Files (x86)\Microchip\xc8\v1.45\sources\common\ftadd.c
		___ftadd       		CODE           	189E	0000	429

C:\Program Files (x86)\Microchip\xc8\v1.45\sources\common\ftadd.c estimated size: 429

C:\Program Files (x86)\Microchip\xc8\v1.45\sources\common\lldiv.c
		___lldiv       		CODE           	25CC	0000	131

C:\Program Files (x86)\Microchip\xc8\v1.45\sources\common\lldiv.c estimated size: 131

lcd_x8.c
		_lcd_putc      		CODE           	2972	0000	87
		_lcd_puts      		CODE           	2CAC	0000	37
		_lcd_send_byte 		CODE           	2A1E	0000	73
		_lcd_gotoxy    		CODE           	2A66	0000	67
		_lcd_send_nibble		CODE           	2D3C	0000	35
		_lcd_init      		CODE           	285E	0000	99
		_delay_cycles  		CODE           	2C06	0000	47

lcd_x8.c estimated size: 445

C:\Program Files (x86)\Microchip\xc8\v1.45\sources\common\lwtoft.c
		___lwtoft      		CODE           	2CF4	0000	37

C:\Program Files (x86)\Microchip\xc8\v1.45\sources\common\lwtoft.c estimated size: 37

